LTspice 24.0.12 for Windows
Circuit: * C:\Users\riins\OneDrive\Desktop\audio_amp_final_s3.asc
Start Time: Tue Jan 20 12:20:02 2026
solver = Normal
Maximum thread count: 12
tnom = 27
temp = 27
method = modified trap
WARNING: Less than two connections to node n025.  This node is used by v6.
WARNING: Less than two connections to node n024.  This node is used by v7.
WARNING: Less than two connections to node nc_01.  This node is used by v14.
Direct Newton iteration for .op point succeeded.
N-Period=1
Fourier components of V(n015)
DC component:0.19546

Harmonic	Frequency	 Fourier 	Normalized	 Phase  	Normalized
 Number 	  [Hz]   	Component	 Component	[degree]	Phase [deg]
    1   	 1.000e+3	 5.231e-3	 1.000e+0	   79.60°	    0.00°
    2   	 2.000e+3	 2.812e-3	 5.375e-1	  101.10°	   21.50°
    3   	 3.000e+3	 4.489e+0	 8.583e+2	  -87.36°	 -166.96°
    4   	 4.000e+3	 1.805e-3	 3.451e-1	   65.30°	  -14.30°
    5   	 5.000e+3	 1.635e-3	 3.125e-1	   79.94°	    0.34°
    6   	 6.000e+3	 3.617e-1	 6.914e+1	   15.56°	  -64.05°
    7   	 7.000e+3	 4.103e-4	 7.844e-2	   42.35°	  -37.25°
    8   	 8.000e+3	 5.263e-4	 1.006e-1	   63.99°	  -15.61°
    9   	 9.000e+3	 1.413e-1	 2.702e+1	  -64.00°	 -143.61°
Partial Harmonic Distortion: 86145.954171%
Total Harmonic Distortion:   86148.217296%


Total elapsed time: 0.522 seconds.

